---
source: crates/obu-node-repl/tests/description_snapshot.rs
expression: "format!(\"{}\\n---\\n{}\", fast_path.trim(), stop_excerpt)"
---
OBU_INSTALL_DIR="${OBU_INSTALL_DIR:-$HOME/.obu}"
export OBU_INSTALL_DIR
OBU="$OBU_INSTALL_DIR/bin/obu"

curl -fsSL https://github.com/open-browser-use/open-browser-use/releases/latest/download/install.sh | sh

"$OBU" setup --yes \
  --browser=<browser> \
  --channel=<extension-channel> \
  --extension-id=<extension-id> \
  --agents=<agent-id> \
  --write-instructions \
  --json

"$OBU" verify \
  --agent=<agent-id> \
  --browser=<browser> \
  --channel=<extension-channel> \
  --extension-id=<extension-id> \
  --json
---
Stop when verify prints `Result: ready` or JSON `result: "ready"`.
Report the concise final state to the user. Do not run `doctor`,
`bootstrap`, `verify --repair`, broad diagnostics, or extra MCP rewrites after
